[INFO] Scanning for projects...
[INFO] 
[INFO] ------------------------< com.soulsurf:backend >------------------------
[INFO] Building backend 0.0.1-SNAPSHOT
[INFO]   from pom.xml
[INFO] --------------------------------[ jar ]---------------------------------
[INFO] 
[INFO] --- clean:3.4.1:clean (default-clean) @ backend ---
[INFO] Deleting C:\Users\pimba\OneDrive\┴rea de Trabalho\projetos\Soulsurf\Soul_Surf_PA2\backend\target
[INFO] 
[INFO] --- resources:3.3.1:resources (default-resources) @ backend ---
[INFO] Copying 1 resource from src\main\resources to target\classes
[INFO] Copying 0 resource from src\main\resources to target\classes
[INFO] 
[INFO] --- compiler:3.8.1:compile (default-compile) @ backend ---
[INFO] Changes detected - recompiling the module!
[INFO] Compiling 98 source files to C:\Users\pimba\OneDrive\┴rea de Trabalho\projetos\Soulsurf\Soul_Surf_PA2\backend\target\classes
[INFO] -------------------------------------------------------------
[ERROR] COMPILATION ERROR : 
[INFO] -------------------------------------------------------------
[ERROR] /C:/Users/pimba/OneDrive/┴rea de Trabalho/projetos/Soulsurf/Soul_Surf_PA2/backend/src/main/java/com/soulsurf/backend/modules/post/Post.java:[37,13] cannot find symbol
  symbol:   class User
  location: class com.soulsurf.backend.modules.post.Post
[ERROR] /C:/Users/pimba/OneDrive/┴rea de Trabalho/projetos/Soulsurf/Soul_Surf_PA2/backend/src/main/java/com/soulsurf/backend/modules/post/Post.java:[41,13] cannot find symbol
  symbol:   class Beach
  location: class com.soulsurf.backend.modules.post.Post
[ERROR] /C:/Users/pimba/OneDrive/┴rea de Trabalho/projetos/Soulsurf/Soul_Surf_PA2/backend/src/main/java/com/soulsurf/backend/modules/post/Post.java:[44,18] cannot find symbol
  symbol:   class Comment
  location: class com.soulsurf.backend.modules.post.Post
[ERROR] /C:/Users/pimba/OneDrive/┴rea de Trabalho/projetos/Soulsurf/Soul_Surf_PA2/backend/src/main/java/com/soulsurf/backend/modules/post/Post.java:[47,47] package com.soulsurf.backend.entities does not exist
[ERROR] /C:/Users/pimba/OneDrive/┴rea de Trabalho/projetos/Soulsurf/Soul_Surf_PA2/backend/src/main/java/com/soulsurf/backend/modules/post/Post.java:[37,18] cannot find symbol
  symbol:   class User
  location: class com.soulsurf.backend.modules.post.Post
[ERROR] /C:/Users/pimba/OneDrive/┴rea de Trabalho/projetos/Soulsurf/Soul_Surf_PA2/backend/src/main/java/com/soulsurf/backend/modules/post/Post.java:[41,19] cannot find symbol
  symbol:   class Beach
  location: class com.soulsurf.backend.modules.post.Post
[ERROR] /C:/Users/pimba/OneDrive/┴rea de Trabalho/projetos/Soulsurf/Soul_Surf_PA2/backend/src/main/java/com/soulsurf/backend/modules/post/Post.java:[44,27] cannot find symbol
  symbol:   class Comment
  location: class com.soulsurf.backend.modules.post.Post
[ERROR] /C:/Users/pimba/OneDrive/┴rea de Trabalho/projetos/Soulsurf/Soul_Surf_PA2/backend/src/main/java/com/soulsurf/backend/modules/post/Post.java:[47,54] package com.soulsurf.backend.entities does not exist
[ERROR] /C:/Users/pimba/OneDrive/┴rea de Trabalho/projetos/Soulsurf/Soul_Surf_PA2/backend/src/main/java/com/soulsurf/backend/modules/post/Post.java:[15,1] cannot find symbol
  symbol:   class User
  location: class com.soulsurf.backend.modules.post.Post
[ERROR] /C:/Users/pimba/OneDrive/┴rea de Trabalho/projetos/Soulsurf/Soul_Surf_PA2/backend/src/main/java/com/soulsurf/backend/modules/post/PostController.java:[8,45] package com.soulsurf.backend.security.service does not exist
[ERROR] /C:/Users/pimba/OneDrive/┴rea de Trabalho/projetos/Soulsurf/Soul_Surf_PA2/backend/src/main/java/com/soulsurf/backend/modules/post/PostController.java:[145,50] cannot find symbol
  symbol:   class UserDetailsImpl
  location: class com.soulsurf.backend.modules.post.PostController
[ERROR] /C:/Users/pimba/OneDrive/┴rea de Trabalho/projetos/Soulsurf/Soul_Surf_PA2/backend/src/main/java/com/soulsurf/backend/modules/user/UserDTO.java:[18,18] cannot find symbol
  symbol:   class PostDTO
  location: class com.soulsurf.backend.modules.user.UserDTO
[ERROR] /C:/Users/pimba/OneDrive/┴rea de Trabalho/projetos/Soulsurf/Soul_Surf_PA2/backend/src/main/java/com/soulsurf/backend/modules/user/UserDTO.java:[18,27] cannot find symbol
  symbol:   class PostDTO
  location: class com.soulsurf.backend.modules.user.UserDTO
[ERROR] /C:/Users/pimba/OneDrive/┴rea de Trabalho/projetos/Soulsurf/Soul_Surf_PA2/backend/src/main/java/com/soulsurf/backend/modules/user/UserDTO.java:[8,1] cannot find symbol
  symbol:   class PostDTO
  location: class com.soulsurf.backend.modules.user.UserDTO
[ERROR] /C:/Users/pimba/OneDrive/┴rea de Trabalho/projetos/Soulsurf/Soul_Surf_PA2/backend/src/main/java/com/soulsurf/backend/modules/post/PostService.java:[30,28] cannot find symbol
  symbol:   class BlobStorageService
  location: class com.soulsurf.backend.modules.post.PostService
[ERROR] /C:/Users/pimba/OneDrive/┴rea de Trabalho/projetos/Soulsurf/Soul_Surf_PA2/backend/src/main/java/com/soulsurf/backend/modules/post/PostService.java:[31,19] cannot find symbol
  symbol:   class NotificationRepository
  location: class com.soulsurf.backend.modules.post.PostService
[ERROR] /C:/Users/pimba/OneDrive/┴rea de Trabalho/projetos/Soulsurf/Soul_Surf_PA2/backend/src/main/java/com/soulsurf/backend/modules/post/PostService.java:[32,19] cannot find symbol
  symbol:   class CommentRepository
  location: class com.soulsurf.backend.modules.post.PostService
[ERROR] /C:/Users/pimba/OneDrive/┴rea de Trabalho/projetos/Soulsurf/Soul_Surf_PA2/backend/src/main/java/com/soulsurf/backend/modules/post/PostService.java:[39,22] cannot find symbol
  symbol:   class BlobStorageService
  location: class com.soulsurf.backend.modules.post.PostService
[ERROR] /C:/Users/pimba/OneDrive/┴rea de Trabalho/projetos/Soulsurf/Soul_Surf_PA2/backend/src/main/java/com/soulsurf/backend/modules/post/PostService.java:[40,13] cannot find symbol
  symbol:   class NotificationRepository
  location: class com.soulsurf.backend.modules.post.PostService
[ERROR] /C:/Users/pimba/OneDrive/┴rea de Trabalho/projetos/Soulsurf/Soul_Surf_PA2/backend/src/main/java/com/soulsurf/backend/modules/post/PostService.java:[41,13] cannot find symbol
  symbol:   class CommentRepository
  location: class com.soulsurf.backend.modules.post.PostService
[ERROR] /C:/Users/pimba/OneDrive/┴rea de Trabalho/projetos/Soulsurf/Soul_Surf_PA2/backend/src/main/java/com/soulsurf/backend/modules/post/PostMapper.java:[15,19] cannot find symbol
  symbol:   class UserMapper
  location: class com.soulsurf.backend.modules.post.PostMapper
[ERROR] /C:/Users/pimba/OneDrive/┴rea de Trabalho/projetos/Soulsurf/Soul_Surf_PA2/backend/src/main/java/com/soulsurf/backend/modules/post/PostMapper.java:[16,19] cannot find symbol
  symbol:   class CommentMapper
  location: class com.soulsurf.backend.modules.post.PostMapper
[ERROR] /C:/Users/pimba/OneDrive/┴rea de Trabalho/projetos/Soulsurf/Soul_Surf_PA2/backend/src/main/java/com/soulsurf/backend/modules/post/PostMapper.java:[17,19] cannot find symbol
  symbol:   class BeachMapper
  location: class com.soulsurf.backend.modules.post.PostMapper
[ERROR] /C:/Users/pimba/OneDrive/┴rea de Trabalho/projetos/Soulsurf/Soul_Surf_PA2/backend/src/main/java/com/soulsurf/backend/modules/post/PostMapper.java:[20,23] cannot find symbol
  symbol:   class UserMapper
  location: class com.soulsurf.backend.modules.post.PostMapper
[ERROR] /C:/Users/pimba/OneDrive/┴rea de Trabalho/projetos/Soulsurf/Soul_Surf_PA2/backend/src/main/java/com/soulsurf/backend/modules/post/PostMapper.java:[21,23] cannot find symbol
  symbol:   class CommentMapper
  location: class com.soulsurf.backend.modules.post.PostMapper
[ERROR] /C:/Users/pimba/OneDrive/┴rea de Trabalho/projetos/Soulsurf/Soul_Surf_PA2/backend/src/main/java/com/soulsurf/backend/modules/post/PostMapper.java:[22,23] cannot find symbol
  symbol:   class BeachMapper
  location: class com.soulsurf.backend.modules.post.PostMapper
[ERROR] /C:/Users/pimba/OneDrive/┴rea de Trabalho/projetos/Soulsurf/Soul_Surf_PA2/backend/src/main/java/com/soulsurf/backend/modules/post/LikeService.java:[24,19] cannot find symbol
  symbol:   class NotificationService
  location: class com.soulsurf.backend.modules.post.LikeService
[ERROR] /C:/Users/pimba/OneDrive/┴rea de Trabalho/projetos/Soulsurf/Soul_Surf_PA2/backend/src/main/java/com/soulsurf/backend/modules/post/LikeService.java:[30,24] cannot find symbol
  symbol:   class NotificationService
  location: class com.soulsurf.backend.modules.post.LikeService
[ERROR] /C:/Users/pimba/OneDrive/┴rea de Trabalho/projetos/Soulsurf/Soul_Surf_PA2/backend/src/main/java/com/soulsurf/backend/modules/post/Like.java:[29,13] cannot find symbol
  symbol:   class User
  location: class com.soulsurf.backend.modules.post.Like
[ERROR] /C:/Users/pimba/OneDrive/┴rea de Trabalho/projetos/Soulsurf/Soul_Surf_PA2/backend/src/main/java/com/soulsurf/backend/modules/post/Like.java:[29,18] cannot find symbol
  symbol:   class User
  location: class com.soulsurf.backend.modules.post.Like
[ERROR] /C:/Users/pimba/OneDrive/┴rea de Trabalho/projetos/Soulsurf/Soul_Surf_PA2/backend/src/main/java/com/soulsurf/backend/modules/post/Like.java:[15,1] cannot find symbol
  symbol:   class User
  location: class com.soulsurf.backend.modules.post.Like
[ERROR] /C:/Users/pimba/OneDrive/┴rea de Trabalho/projetos/Soulsurf/Soul_Surf_PA2/backend/src/main/java/com/soulsurf/backend/modules/beach/BeachService.java:[29,28] cannot find symbol
  symbol:   class BlobStorageService
  location: class com.soulsurf.backend.modules.beach.BeachService
[ERROR] /C:/Users/pimba/OneDrive/┴rea de Trabalho/projetos/Soulsurf/Soul_Surf_PA2/backend/src/main/java/com/soulsurf/backend/modules/beach/BeachService.java:[34,22] cannot find symbol
  symbol:   class BlobStorageService
  location: class com.soulsurf.backend.modules.beach.BeachService
[ERROR] /C:/Users/pimba/OneDrive/┴rea de Trabalho/projetos/Soulsurf/Soul_Surf_PA2/backend/src/main/java/com/soulsurf/backend/modules/notification/Notification.java:[42,13] cannot find symbol
  symbol:   class Comment
  location: class com.soulsurf.backend.modules.notification.Notification
[ERROR] /C:/Users/pimba/OneDrive/┴rea de Trabalho/projetos/Soulsurf/Soul_Surf_PA2/backend/src/main/java/com/soulsurf/backend/modules/notification/Notification.java:[42,21] cannot find symbol
  symbol:   class Comment
  location: class com.soulsurf.backend.modules.notification.Notification
[ERROR] /C:/Users/pimba/OneDrive/┴rea de Trabalho/projetos/Soulsurf/Soul_Surf_PA2/backend/src/main/java/com/soulsurf/backend/modules/notification/Notification.java:[16,1] cannot find symbol
  symbol:   class Comment
  location: class com.soulsurf.backend.modules.notification.Notification
[ERROR] /C:/Users/pimba/OneDrive/┴rea de Trabalho/projetos/Soulsurf/Soul_Surf_PA2/backend/src/main/java/com/soulsurf/backend/modules/admin/AdminService.java:[19,19] cannot find symbol
  symbol:   class NotificationService
  location: class com.soulsurf.backend.modules.admin.AdminService
[ERROR] /C:/Users/pimba/OneDrive/┴rea de Trabalho/projetos/Soulsurf/Soul_Surf_PA2/backend/src/main/java/com/soulsurf/backend/modules/admin/AdminService.java:[25,25] cannot find symbol
  symbol:   class NotificationService
  location: class com.soulsurf.backend.modules.admin.AdminService
[ERROR] /C:/Users/pimba/OneDrive/┴rea de Trabalho/projetos/Soulsurf/Soul_Surf_PA2/backend/src/main/java/com/soulsurf/backend/modules/comment/CommentMapper.java:[12,19] cannot find symbol
  symbol:   class UserMapper
  location: class com.soulsurf.backend.modules.comment.CommentMapper
[ERROR] /C:/Users/pimba/OneDrive/┴rea de Trabalho/projetos/Soulsurf/Soul_Surf_PA2/backend/src/main/java/com/soulsurf/backend/modules/comment/CommentMapper.java:[14,26] cannot find symbol
  symbol:   class UserMapper
  location: class com.soulsurf.backend.modules.comment.CommentMapper
[ERROR] /C:/Users/pimba/OneDrive/┴rea de Trabalho/projetos/Soulsurf/Soul_Surf_PA2/backend/src/main/java/com/soulsurf/backend/modules/beach/BeachMessageDTO.java:[11,13] cannot find symbol
  symbol:   class UserDTO
  location: class com.soulsurf.backend.modules.beach.BeachMessageDTO
[ERROR] /C:/Users/pimba/OneDrive/┴rea de Trabalho/projetos/Soulsurf/Soul_Surf_PA2/backend/src/main/java/com/soulsurf/backend/modules/beach/BeachMessageDTO.java:[11,21] cannot find symbol
  symbol:   class UserDTO
  location: class com.soulsurf.backend.modules.beach.BeachMessageDTO
[ERROR] /C:/Users/pimba/OneDrive/┴rea de Trabalho/projetos/Soulsurf/Soul_Surf_PA2/backend/src/main/java/com/soulsurf/backend/modules/beach/BeachMessageDTO.java:[6,1] cannot find symbol
  symbol:   class UserDTO
  location: class com.soulsurf.backend.modules.beach.BeachMessageDTO
[ERROR] /C:/Users/pimba/OneDrive/┴rea de Trabalho/projetos/Soulsurf/Soul_Surf_PA2/backend/src/main/java/com/soulsurf/backend/modules/beach/BeachMessage.java:[31,13] cannot find symbol
  symbol:   class User
  location: class com.soulsurf.backend.modules.beach.BeachMessage
[ERROR] /C:/Users/pimba/OneDrive/┴rea de Trabalho/projetos/Soulsurf/Soul_Surf_PA2/backend/src/main/java/com/soulsurf/backend/modules/beach/BeachMessage.java:[31,18] cannot find symbol
  symbol:   class User
  location: class com.soulsurf.backend.modules.beach.BeachMessage
[ERROR] /C:/Users/pimba/OneDrive/┴rea de Trabalho/projetos/Soulsurf/Soul_Surf_PA2/backend/src/main/java/com/soulsurf/backend/modules/beach/BeachMessage.java:[11,1] cannot find symbol
  symbol:   class User
  location: class com.soulsurf.backend.modules.beach.BeachMessage
[ERROR] /C:/Users/pimba/OneDrive/┴rea de Trabalho/projetos/Soulsurf/Soul_Surf_PA2/backend/src/main/java/com/soulsurf/backend/modules/comment/CommentService.java:[27,19] cannot find symbol
  symbol:   class NotificationService
  location: class com.soulsurf.backend.modules.comment.CommentService
[ERROR] /C:/Users/pimba/OneDrive/┴rea de Trabalho/projetos/Soulsurf/Soul_Surf_PA2/backend/src/main/java/com/soulsurf/backend/modules/comment/CommentService.java:[34,27] cannot find symbol
  symbol:   class NotificationService
  location: class com.soulsurf.backend.modules.comment.CommentService
[INFO] 48 errors 
[INFO] -------------------------------------------------------------
[INFO] ------------------------------------------------------------------------
[INFO] BUILD FAILURE
[INFO] ------------------------------------------------------------------------
[INFO] Total time:  30.620 s
[INFO] Finished at: 2026-03-04T11:38:51-03:00
[INFO] ------------------------------------------------------------------------
[ERROR] Failed to execute goal org.apache.maven.plugins:maven-compiler-plugin:3.8.1:compile (default-compile) on project backend: Compilation failure: Compilation failure: 
[ERROR] /C:/Users/pimba/OneDrive/┴rea de Trabalho/projetos/Soulsurf/Soul_Surf_PA2/backend/src/main/java/com/soulsurf/backend/modules/post/Post.java:[37,13] cannot find symbol
[ERROR]   symbol:   class User
[ERROR]   location: class com.soulsurf.backend.modules.post.Post
[ERROR] /C:/Users/pimba/OneDrive/┴rea de Trabalho/projetos/Soulsurf/Soul_Surf_PA2/backend/src/main/java/com/soulsurf/backend/modules/post/Post.java:[41,13] cannot find symbol
[ERROR]   symbol:   class Beach
[ERROR]   location: class com.soulsurf.backend.modules.post.Post
[ERROR] /C:/Users/pimba/OneDrive/┴rea de Trabalho/projetos/Soulsurf/Soul_Surf_PA2/backend/src/main/java/com/soulsurf/backend/modules/post/Post.java:[44,18] cannot find symbol
[ERROR]   symbol:   class Comment
[ERROR]   location: class com.soulsurf.backend.modules.post.Post
[ERROR] /C:/Users/pimba/OneDrive/┴rea de Trabalho/projetos/Soulsurf/Soul_Surf_PA2/backend/src/main/java/com/soulsurf/backend/modules/post/Post.java:[47,47] package com.soulsurf.backend.entities does not exist
[ERROR] /C:/Users/pimba/OneDrive/┴rea de Trabalho/projetos/Soulsurf/Soul_Surf_PA2/backend/src/main/java/com/soulsurf/backend/modules/post/Post.java:[37,18] cannot find symbol
[ERROR]   symbol:   class User
[ERROR]   location: class com.soulsurf.backend.modules.post.Post
[ERROR] /C:/Users/pimba/OneDrive/┴rea de Trabalho/projetos/Soulsurf/Soul_Surf_PA2/backend/src/main/java/com/soulsurf/backend/modules/post/Post.java:[41,19] cannot find symbol
[ERROR]   symbol:   class Beach
[ERROR]   location: class com.soulsurf.backend.modules.post.Post
[ERROR] /C:/Users/pimba/OneDrive/┴rea de Trabalho/projetos/Soulsurf/Soul_Surf_PA2/backend/src/main/java/com/soulsurf/backend/modules/post/Post.java:[44,27] cannot find symbol
[ERROR]   symbol:   class Comment
[ERROR]   location: class com.soulsurf.backend.modules.post.Post
[ERROR] /C:/Users/pimba/OneDrive/┴rea de Trabalho/projetos/Soulsurf/Soul_Surf_PA2/backend/src/main/java/com/soulsurf/backend/modules/post/Post.java:[47,54] package com.soulsurf.backend.entities does not exist
[ERROR] /C:/Users/pimba/OneDrive/┴rea de Trabalho/projetos/Soulsurf/Soul_Surf_PA2/backend/src/main/java/com/soulsurf/backend/modules/post/Post.java:[15,1] cannot find symbol
[ERROR]   symbol:   class User
[ERROR]   location: class com.soulsurf.backend.modules.post.Post
[ERROR] /C:/Users/pimba/OneDrive/┴rea de Trabalho/projetos/Soulsurf/Soul_Surf_PA2/backend/src/main/java/com/soulsurf/backend/modules/post/PostController.java:[8,45] package com.soulsurf.backend.security.service does not exist
[ERROR] /C:/Users/pimba/OneDrive/┴rea de Trabalho/projetos/Soulsurf/Soul_Surf_PA2/backend/src/main/java/com/soulsurf/backend/modules/post/PostController.java:[145,50] cannot find symbol
[ERROR]   symbol:   class UserDetailsImpl
[ERROR]   location: class com.soulsurf.backend.modules.post.PostController
[ERROR] /C:/Users/pimba/OneDrive/┴rea de Trabalho/projetos/Soulsurf/Soul_Surf_PA2/backend/src/main/java/com/soulsurf/backend/modules/user/UserDTO.java:[18,18] cannot find symbol
[ERROR]   symbol:   class PostDTO
[ERROR]   location: class com.soulsurf.backend.modules.user.UserDTO
[ERROR] /C:/Users/pimba/OneDrive/┴rea de Trabalho/projetos/Soulsurf/Soul_Surf_PA2/backend/src/main/java/com/soulsurf/backend/modules/user/UserDTO.java:[18,27] cannot find symbol
[ERROR]   symbol:   class PostDTO
[ERROR]   location: class com.soulsurf.backend.modules.user.UserDTO
[ERROR] /C:/Users/pimba/OneDrive/┴rea de Trabalho/projetos/Soulsurf/Soul_Surf_PA2/backend/src/main/java/com/soulsurf/backend/modules/user/UserDTO.java:[8,1] cannot find symbol
[ERROR]   symbol:   class PostDTO
[ERROR]   location: class com.soulsurf.backend.modules.user.UserDTO
[ERROR] /C:/Users/pimba/OneDrive/┴rea de Trabalho/projetos/Soulsurf/Soul_Surf_PA2/backend/src/main/java/com/soulsurf/backend/modules/post/PostService.java:[30,28] cannot find symbol
[ERROR]   symbol:   class BlobStorageService
[ERROR]   location: class com.soulsurf.backend.modules.post.PostService
[ERROR] /C:/Users/pimba/OneDrive/┴rea de Trabalho/projetos/Soulsurf/Soul_Surf_PA2/backend/src/main/java/com/soulsurf/backend/modules/post/PostService.java:[31,19] cannot find symbol
[ERROR]   symbol:   class NotificationRepository
[ERROR]   location: class com.soulsurf.backend.modules.post.PostService
[ERROR] /C:/Users/pimba/OneDrive/┴rea de Trabalho/projetos/Soulsurf/Soul_Surf_PA2/backend/src/main/java/com/soulsurf/backend/modules/post/PostService.java:[32,19] cannot find symbol
[ERROR]   symbol:   class CommentRepository
[ERROR]   location: class com.soulsurf.backend.modules.post.PostService
[ERROR] /C:/Users/pimba/OneDrive/┴rea de Trabalho/projetos/Soulsurf/Soul_Surf_PA2/backend/src/main/java/com/soulsurf/backend/modules/post/PostService.java:[39,22] cannot find symbol
[ERROR]   symbol:   class BlobStorageService
[ERROR]   location: class com.soulsurf.backend.modules.post.PostService
[ERROR] /C:/Users/pimba/OneDrive/┴rea de Trabalho/projetos/Soulsurf/Soul_Surf_PA2/backend/src/main/java/com/soulsurf/backend/modules/post/PostService.java:[40,13] cannot find symbol
[ERROR]   symbol:   class NotificationRepository
[ERROR]   location: class com.soulsurf.backend.modules.post.PostService
[ERROR] /C:/Users/pimba/OneDrive/┴rea de Trabalho/projetos/Soulsurf/Soul_Surf_PA2/backend/src/main/java/com/soulsurf/backend/modules/post/PostService.java:[41,13] cannot find symbol
[ERROR]   symbol:   class CommentRepository
[ERROR]   location: class com.soulsurf.backend.modules.post.PostService
[ERROR] /C:/Users/pimba/OneDrive/┴rea de Trabalho/projetos/Soulsurf/Soul_Surf_PA2/backend/src/main/java/com/soulsurf/backend/modules/post/PostMapper.java:[15,19] cannot find symbol
[ERROR]   symbol:   class UserMapper
[ERROR]   location: class com.soulsurf.backend.modules.post.PostMapper
[ERROR] /C:/Users/pimba/OneDrive/┴rea de Trabalho/projetos/Soulsurf/Soul_Surf_PA2/backend/src/main/java/com/soulsurf/backend/modules/post/PostMapper.java:[16,19] cannot find symbol
[ERROR]   symbol:   class CommentMapper
[ERROR]   location: class com.soulsurf.backend.modules.post.PostMapper
[ERROR] /C:/Users/pimba/OneDrive/┴rea de Trabalho/projetos/Soulsurf/Soul_Surf_PA2/backend/src/main/java/com/soulsurf/backend/modules/post/PostMapper.java:[17,19] cannot find symbol
[ERROR]   symbol:   class BeachMapper
[ERROR]   location: class com.soulsurf.backend.modules.post.PostMapper
[ERROR] /C:/Users/pimba/OneDrive/┴rea de Trabalho/projetos/Soulsurf/Soul_Surf_PA2/backend/src/main/java/com/soulsurf/backend/modules/post/PostMapper.java:[20,23] cannot find symbol
[ERROR]   symbol:   class UserMapper
[ERROR]   location: class com.soulsurf.backend.modules.post.PostMapper
[ERROR] /C:/Users/pimba/OneDrive/┴rea de Trabalho/projetos/Soulsurf/Soul_Surf_PA2/backend/src/main/java/com/soulsurf/backend/modules/post/PostMapper.java:[21,23] cannot find symbol
[ERROR]   symbol:   class CommentMapper
[ERROR]   location: class com.soulsurf.backend.modules.post.PostMapper
[ERROR] /C:/Users/pimba/OneDrive/┴rea de Trabalho/projetos/Soulsurf/Soul_Surf_PA2/backend/src/main/java/com/soulsurf/backend/modules/post/PostMapper.java:[22,23] cannot find symbol
[ERROR]   symbol:   class BeachMapper
[ERROR]   location: class com.soulsurf.backend.modules.post.PostMapper
[ERROR] /C:/Users/pimba/OneDrive/┴rea de Trabalho/projetos/Soulsurf/Soul_Surf_PA2/backend/src/main/java/com/soulsurf/backend/modules/post/LikeService.java:[24,19] cannot find symbol
[ERROR]   symbol:   class NotificationService
[ERROR]   location: class com.soulsurf.backend.modules.post.LikeService
[ERROR] /C:/Users/pimba/OneDrive/┴rea de Trabalho/projetos/Soulsurf/Soul_Surf_PA2/backend/src/main/java/com/soulsurf/backend/modules/post/LikeService.java:[30,24] cannot find symbol
[ERROR]   symbol:   class NotificationService
[ERROR]   location: class com.soulsurf.backend.modules.post.LikeService
[ERROR] /C:/Users/pimba/OneDrive/┴rea de Trabalho/projetos/Soulsurf/Soul_Surf_PA2/backend/src/main/java/com/soulsurf/backend/modules/post/Like.java:[29,13] cannot find symbol
[ERROR]   symbol:   class User
[ERROR]   location: class com.soulsurf.backend.modules.post.Like
[ERROR] /C:/Users/pimba/OneDrive/┴rea de Trabalho/projetos/Soulsurf/Soul_Surf_PA2/backend/src/main/java/com/soulsurf/backend/modules/post/Like.java:[29,18] cannot find symbol
[ERROR]   symbol:   class User
[ERROR]   location: class com.soulsurf.backend.modules.post.Like
[ERROR] /C:/Users/pimba/OneDrive/┴rea de Trabalho/projetos/Soulsurf/Soul_Surf_PA2/backend/src/main/java/com/soulsurf/backend/modules/post/Like.java:[15,1] cannot find symbol
[ERROR]   symbol:   class User
[ERROR]   location: class com.soulsurf.backend.modules.post.Like
[ERROR] /C:/Users/pimba/OneDrive/┴rea de Trabalho/projetos/Soulsurf/Soul_Surf_PA2/backend/src/main/java/com/soulsurf/backend/modules/beach/BeachService.java:[29,28] cannot find symbol
[ERROR]   symbol:   class BlobStorageService
[ERROR]   location: class com.soulsurf.backend.modules.beach.BeachService
[ERROR] /C:/Users/pimba/OneDrive/┴rea de Trabalho/projetos/Soulsurf/Soul_Surf_PA2/backend/src/main/java/com/soulsurf/backend/modules/beach/BeachService.java:[34,22] cannot find symbol
[ERROR]   symbol:   class BlobStorageService
[ERROR]   location: class com.soulsurf.backend.modules.beach.BeachService
[ERROR] /C:/Users/pimba/OneDrive/┴rea de Trabalho/projetos/Soulsurf/Soul_Surf_PA2/backend/src/main/java/com/soulsurf/backend/modules/notification/Notification.java:[42,13] cannot find symbol
[ERROR]   symbol:   class Comment
[ERROR]   location: class com.soulsurf.backend.modules.notification.Notification
[ERROR] /C:/Users/pimba/OneDrive/┴rea de Trabalho/projetos/Soulsurf/Soul_Surf_PA2/backend/src/main/java/com/soulsurf/backend/modules/notification/Notification.java:[42,21] cannot find symbol
[ERROR]   symbol:   class Comment
[ERROR]   location: class com.soulsurf.backend.modules.notification.Notification
[ERROR] /C:/Users/pimba/OneDrive/┴rea de Trabalho/projetos/Soulsurf/Soul_Surf_PA2/backend/src/main/java/com/soulsurf/backend/modules/notification/Notification.java:[16,1] cannot find symbol
[ERROR]   symbol:   class Comment
[ERROR]   location: class com.soulsurf.backend.modules.notification.Notification
[ERROR] /C:/Users/pimba/OneDrive/┴rea de Trabalho/projetos/Soulsurf/Soul_Surf_PA2/backend/src/main/java/com/soulsurf/backend/modules/admin/AdminService.java:[19,19] cannot find symbol
[ERROR]   symbol:   class NotificationService
[ERROR]   location: class com.soulsurf.backend.modules.admin.AdminService
[ERROR] /C:/Users/pimba/OneDrive/┴rea de Trabalho/projetos/Soulsurf/Soul_Surf_PA2/backend/src/main/java/com/soulsurf/backend/modules/admin/AdminService.java:[25,25] cannot find symbol
[ERROR]   symbol:   class NotificationService
[ERROR]   location: class com.soulsurf.backend.modules.admin.AdminService
[ERROR] /C:/Users/pimba/OneDrive/┴rea de Trabalho/projetos/Soulsurf/Soul_Surf_PA2/backend/src/main/java/com/soulsurf/backend/modules/comment/CommentMapper.java:[12,19] cannot find symbol
[ERROR]   symbol:   class UserMapper
[ERROR]   location: class com.soulsurf.backend.modules.comment.CommentMapper
[ERROR] /C:/Users/pimba/OneDrive/┴rea de Trabalho/projetos/Soulsurf/Soul_Surf_PA2/backend/src/main/java/com/soulsurf/backend/modules/comment/CommentMapper.java:[14,26] cannot find symbol
[ERROR]   symbol:   class UserMapper
[ERROR]   location: class com.soulsurf.backend.modules.comment.CommentMapper
[ERROR] /C:/Users/pimba/OneDrive/┴rea de Trabalho/projetos/Soulsurf/Soul_Surf_PA2/backend/src/main/java/com/soulsurf/backend/modules/beach/BeachMessageDTO.java:[11,13] cannot find symbol
[ERROR]   symbol:   class UserDTO
[ERROR]   location: class com.soulsurf.backend.modules.beach.BeachMessageDTO
[ERROR] /C:/Users/pimba/OneDrive/┴rea de Trabalho/projetos/Soulsurf/Soul_Surf_PA2/backend/src/main/java/com/soulsurf/backend/modules/beach/BeachMessageDTO.java:[11,21] cannot find symbol
[ERROR]   symbol:   class UserDTO
[ERROR]   location: class com.soulsurf.backend.modules.beach.BeachMessageDTO
[ERROR] /C:/Users/pimba/OneDrive/┴rea de Trabalho/projetos/Soulsurf/Soul_Surf_PA2/backend/src/main/java/com/soulsurf/backend/modules/beach/BeachMessageDTO.java:[6,1] cannot find symbol
[ERROR]   symbol:   class UserDTO
[ERROR]   location: class com.soulsurf.backend.modules.beach.BeachMessageDTO
[ERROR] /C:/Users/pimba/OneDrive/┴rea de Trabalho/projetos/Soulsurf/Soul_Surf_PA2/backend/src/main/java/com/soulsurf/backend/modules/beach/BeachMessage.java:[31,13] cannot find symbol
[ERROR]   symbol:   class User
[ERROR]   location: class com.soulsurf.backend.modules.beach.BeachMessage
[ERROR] /C:/Users/pimba/OneDrive/┴rea de Trabalho/projetos/Soulsurf/Soul_Surf_PA2/backend/src/main/java/com/soulsurf/backend/modules/beach/BeachMessage.java:[31,18] cannot find symbol
[ERROR]   symbol:   class User
[ERROR]   location: class com.soulsurf.backend.modules.beach.BeachMessage
[ERROR] /C:/Users/pimba/OneDrive/┴rea de Trabalho/projetos/Soulsurf/Soul_Surf_PA2/backend/src/main/java/com/soulsurf/backend/modules/beach/BeachMessage.java:[11,1] cannot find symbol
[ERROR]   symbol:   class User
[ERROR]   location: class com.soulsurf.backend.modules.beach.BeachMessage
[ERROR] /C:/Users/pimba/OneDrive/┴rea de Trabalho/projetos/Soulsurf/Soul_Surf_PA2/backend/src/main/java/com/soulsurf/backend/modules/comment/CommentService.java:[27,19] cannot find symbol
[ERROR]   symbol:   class NotificationService
[ERROR]   location: class com.soulsurf.backend.modules.comment.CommentService
[ERROR] /C:/Users/pimba/OneDrive/┴rea de Trabalho/projetos/Soulsurf/Soul_Surf_PA2/backend/src/main/java/com/soulsurf/backend/modules/comment/CommentService.java:[34,27] cannot find symbol
[ERROR]   symbol:   class NotificationService
[ERROR]   location: class com.soulsurf.backend.modules.comment.CommentService
[ERROR] -> [Help 1]
[ERROR] 
[ERROR] To see the full stack trace of the errors, re-run Maven with the -e switch.
[ERROR] Re-run Maven using the -X switch to enable full debug logging.
[ERROR] 
[ERROR] For more information about the errors and possible solutions, please read the following articles:
[ERROR] [Help 1] http://cwiki.apache.org/confluence/display/MAVEN/MojoFailureException
